[
  { "2": 2000, "2#doc_count": 188356, "2#4": "_PRENOMS_RARES", "2#4#doc_count": 767, "2#4#3": 129913 },
  { "2": 2000, "2#doc_count": 188356, "2#4": "LÉA", "2#4#doc_count": 383, "2#4#3": 36853 },
  { "2": 2000, "2#doc_count": 188356, "2#4": "LUCAS", "2#4#doc_count": 385, "2#4#3": 33469 },
  { "2": 2000, "2#doc_count": 188356, "2#4": "THÉO", "2#4#doc_count": 384, "2#4#3": 31912 },
  { "2": 2000, "2#doc_count": 188356, "2#4": "THOMAS", "2#4#doc_count": 383, "2#4#3": 31572 },
  { "2": 2005, "2#doc_count": 257638, "2#4": "_PRENOMS_RARES", "2#4#doc_count": 959, "2#4#3": 205893 },
  { "2": 2005, "2#doc_count": 257638, "2#4": "ENZO", "2#4#doc_count": 480, "2#4#3": 38138 },
  { "2": 2005, "2#doc_count": 257638, "2#4": "LUCAS", "2#4#doc_count": 480, "2#4#3": 35994 },
  { "2": 2005, "2#doc_count": 257638, "2#4": "EMMA", "2#4#doc_count": 480, "2#4#3": 34296 },
  { "2": 2005, "2#doc_count": 257638, "2#4": "NATHAN", "2#4#doc_count": 478, "2#4#3": 31166 },
  { "2": 2010, "2#doc_count": 269652, "2#4": "_PRENOMS_RARES", "2#4#doc_count": 960, "2#4#3": 264390 },
  { "2": 2010, "2#doc_count": 269652, "2#4": "LUCAS", "2#4#doc_count": 479, "2#4#3": 29881 },
  { "2": 2010, "2#doc_count": 269652, "2#4": "NATHAN", "2#4#doc_count": 480, "2#4#3": 27309 },
  { "2": 2010, "2#doc_count": 269652, "2#4": "EMMA", "2#4#doc_count": 476, "2#4#3": 26791 },
  { "2": 2010, "2#doc_count": 269652, "2#4": "GABRIEL", "2#4#doc_count": 477, "2#4#3": 24937 },
  { "2": 2015, "2#doc_count": 52422, "2#4": "_PRENOMS_RARES", "2#4#doc_count": 192, "2#4#3": 56107 },
  { "2": 2015, "2#doc_count": 52422, "2#4": "JULES", "2#4#doc_count": 96, "2#4#3": 5147 },
  { "2": 2015, "2#doc_count": 52422, "2#4": "GABRIEL", "2#4#doc_count": 77, "2#4#3": 5061 },
  { "2": 2015, "2#doc_count": 52422, "2#4": "LOUISE", "2#4#doc_count": 96, "2#4#3": 4540 },
  { "2": 2015, "2#doc_count": 52422, "2#4": "ADAM", "2#4#doc_count": 84, "2#4#3": 4377 }
]
