[
    { "2#3#4#1":255187660, "2#3#4":"53", "2#3#4#doc_count":156, "2#3":7, "2#3#doc_count":3246, "2":2017, "2#doc_count":9498 },
    { "2#3#4#1":242023980, "2#3#4":"38", "2#3#4#doc_count":181, "2#3":7, "2#3#doc_count":3246, "2":2017, "2#doc_count":9498 },
    { "2#3#4#1":177748981, "2#3#4":"13", "2#3#4#doc_count":235, "2#3":7, "2#3#doc_count":3246, "2":2017, "2#doc_count":9498 },
    { "2#3#4#1":160380530, "2#3#4":"57", "2#3#4#doc_count":179, "2#3":7, "2#3#doc_count":3246, "2":2017, "2#doc_count":9498 },
    { "2#3#4#1":149837920, "2#3#4":"62", "2#3#4#doc_count":110, "2#3":7, "2#3#doc_count":3246, "2":2017, "2#doc_count":9498 },
    { "2#3#4#1":156764260, "2#3#4":"38", "2#3#4#doc_count":188, "2#3":8, "2#3#doc_count":3022, "2":2017, "2#doc_count":9498 },
    { "2#3#4#1":133461606, "2#3#4":"57", "2#3#4#doc_count":181, "2#3":8, "2#3#doc_count":3022, "2":2017, "2#doc_count":9498 },
    { "2#3#4#1":125295235, "2#3#4":"13", "2#3#4#doc_count":198, "2#3":8, "2#3#doc_count":3022, "2":2017, "2#doc_count":9498 },
    { "2#3#4#1":122926445, "2#3#4":"53", "2#3#4#doc_count":140, "2#3":8, "2#3#doc_count":3022, "2":2017, "2#doc_count":9498 },
    { "2#3#4#1":110164820, "2#3#4":"62", "2#3#4#doc_count":121, "2#3":8, "2#3#doc_count":3022, "2":2017, "2#doc_count":9498 },
    { "2#3#4#1":254565135, "2#3#4":"38", "2#3#4#doc_count":195, "2#3":9, "2#3#doc_count":3230, "2":2017, "2#doc_count":9498 },
    { "2#3#4#1":215214320, "2#3#4":"53", "2#3#4#doc_count":116, "2#3":9, "2#3#doc_count":3230, "2":2017, "2#doc_count":9498 },
    { "2#3#4#1":153625560, "2#3#4":"57", "2#3#4#doc_count":149, "2#3":9, "2#3#doc_count":3230, "2":2017, "2#doc_count":9498 },
    { "2#3#4#1":148241771, "2#3#4":"13", "2#3#4#doc_count":207, "2#3":9, "2#3#doc_count":3230, "2":2017, "2#doc_count":9498 },
    { "2#3#4#1":124179771, "2#3#4":"62", "2#3#4#doc_count":98,  "2#3":9, "2#3#doc_count":3230, "2":2017, "2#doc_count":9498 },
    { "2#3#4#1":273097085, "2#3#4":"38", "2#3#4#doc_count":172, "2#3":7, "2#3#doc_count":3321, "2":2018, "2#doc_count":6312 },
    { "2#3#4#1":254692570, "2#3#4":"53", "2#3#4#doc_count":140, "2#3":7, "2#3#doc_count":3321, "2":2018, "2#doc_count":6312 },
    { "2#3#4#1":191291965, "2#3#4":"13", "2#3#4#doc_count":204, "2#3":7, "2#3#doc_count":3321, "2":2018, "2#doc_count":6312 },
    { "2#3#4#1":176124380, "2#3#4":"57", "2#3#4#doc_count":154, "2#3":7, "2#3#doc_count":3321, "2":2018, "2#doc_count":6312 },
    { "2#3#4#1":168446946, "2#3#4":"62", "2#3#4#doc_count":130, "2#3":7, "2#3#doc_count":3321, "2":2018, "2#doc_count":6312 },
    { "2#3#4#1":158230375, "2#3#4":"38", "2#3#4#doc_count":173, "2#3":8, "2#3#doc_count":2991, "2":2018, "2#doc_count":6312 },
    { "2#3#4#1":141642890, "2#3#4":"13", "2#3#4#doc_count":211, "2#3":8, "2#3#doc_count":2991, "2":2018, "2#doc_count":6312 },
    { "2#3#4#1":137446790, "2#3#4":"57", "2#3#4#doc_count":195, "2#3":8, "2#3#doc_count":2991, "2":2018, "2#doc_count":6312 },
    { "2#3#4#1":128803970, "2#3#4":"62", "2#3#4#doc_count":121, "2#3":8, "2#3#doc_count":2991, "2":2018, "2#doc_count":6312 },
    { "2#3#4#1":110624770, "2#3#4":"53", "2#3#4#doc_count":124, "2#3":8, "2#3#doc_count":2991, "2":2018, "2#doc_count":6312 }
]
